20:05:12 **** Incremental Build of configuration Debug for project ngat_ngoai ****
make -j12 all 
arm-none-eabi-gcc "../Core/Src/main.c" -mcpu=cortex-m4 -std=gnu11 -g3 -DDEBUG -DUSE_HAL_DRIVER -DSTM32F411xE -c -I../Core/Inc -I../Drivers/STM32F4xx_HAL_Driver/Inc -I../Drivers/STM32F4xx_HAL_Driver/Inc/Legacy -I../Drivers/CMSIS/Device/ST/STM32F4xx/Include -I../Drivers/CMSIS/Include -O0 -ffunction-sections -fdata-sections -Wall -fstack-usage -MMD -MP -MF"Core/Src/main.d" -MT"Core/Src/main.o" --specs=nano.specs -mfpu=fpv4-sp-d16 -mfloat-abi=hard -mthumb -o "Core/Src/main.o"
../Core/Src/main.c: In function 'set_led':
../Core/Src/main.c:6:26: warning: initialization of 'uint32_t *' {aka 'long unsigned int *'} from 'int' makes pointer from integer without a cast [-Wint-conversion]
    6 |  uint32_t* GPIOD_MODER = 0x40020c00;
      |                          ^~~~~~~~~~
../Core/Src/main.c: In function 'setup_nutnhan':
../Core/Src/main.c:13:26: warning: initialization of 'uint32_t *' {aka 'long unsigned int *'} from 'int' makes pointer from integer without a cast [-Wint-conversion]
   13 |  uint32_t* GPIOA_MODER = 0x40020000;  //reset nút nhấn v�? 0
      |                          ^~~~~~~~~~
../Core/Src/main.c:15:26: warning: initialization of 'uint32_t *' {aka 'long unsigned int *'} from 'int' makes pointer from integer without a cast [-Wint-conversion]
   15 |  uint32_t* GPIOA_PUPDR = 0x4002000c;  // gim điện áp v�? 0
      |                          ^~~~~~~~~~
../Core/Src/main.c: In function 'nutnhan':
../Core/Src/main.c:20:24: warning: initialization of 'uint32_t *' {aka 'long unsigned int *'} from 'int' makes pointer from integer without a cast [-Wint-conversion]
   20 |  uint32_t* GPIOA_IDR = 0x40020010;
      |                        ^~~~~~~~~~
../Core/Src/main.c: In function 'led_nhay':
../Core/Src/main.c:32:24: warning: initialization of 'uint32_t *' {aka 'long unsigned int *'} from 'int' makes pointer from integer without a cast [-Wint-conversion]
   32 |  uint32_t* GPIOD_ODR = 0x40020c14;
      |                        ^~~~~~~~~~
arm-none-eabi-gcc -o "ngat_ngoai.elf" @"objects.list"   -mcpu=cortex-m4 -T"D:\Nhung\bai_tap\ngat_ngoai\STM32F411VEHX_FLASH.ld" --specs=nosys.specs -Wl,-Map="ngat_ngoai.map" -Wl,--gc-sections -static --specs=nano.specs -mfpu=fpv4-sp-d16 -mfloat-abi=hard -mthumb -Wl,--start-group -lc -lm -Wl,--end-group
Finished building target: ngat_ngoai.elf
 
arm-none-eabi-size   ngat_ngoai.elf 
arm-none-eabi-objdump -h -S  ngat_ngoai.elf  > "ngat_ngoai.list"
   text	   data	    bss	    dec	    hex	filename
   2024	     20	   1572	   3616	    e20	ngat_ngoai.elf
Finished building: default.size.stdout
 
Finished building: ngat_ngoai.list
 

20:05:12 Build Finished. 0 errors, 5 warnings. (took 486ms)

